C:/Users/Aleja/STM32CubeIDE/Workspace/LoRaWAN_End_Node/LoRaWAN/App/lora_app.c:845:13:OnTxFrameCtrlChanged	0	static
C:/Users/Aleja/STM32CubeIDE/Workspace/LoRaWAN_End_Node/LoRaWAN/App/lora_app.c:856:13:OnPingSlotPeriodicityChanged	0	static
C:/Users/Aleja/STM32CubeIDE/Workspace/LoRaWAN_End_Node/LoRaWAN/App/lora_app.c:769:13:OnBeaconStatusChange	72	static
C:/Users/Aleja/STM32CubeIDE/Workspace/LoRaWAN_End_Node/LoRaWAN/App/lora_app.c:804:13:OnClassChange	16	static
C:/Users/Aleja/STM32CubeIDE/Workspace/LoRaWAN_End_Node/LoRaWAN/App/lora_app.c:956:13:OnNvmDataChange	8	static
C:/Users/Aleja/STM32CubeIDE/Workspace/LoRaWAN_End_Node/LoRaWAN/App/lora_app.c:680:13:OnTxTimerEvent	8	static
C:/Users/Aleja/STM32CubeIDE/Workspace/LoRaWAN_End_Node/LoRaWAN/App/lora_app.c:811:13:OnMacProcessNotify	8	static
C:/Users/Aleja/STM32CubeIDE/Workspace/LoRaWAN_End_Node/LoRaWAN/App/lora_app.c:867:13:OnSystemReset	8	static,ignoring_inline_asm
C:/Users/Aleja/STM32CubeIDE/Workspace/LoRaWAN_End_Node/LoRaWAN/App/lora_app.c:823:13:OnTxPeriodicityChanged	8	static
C:/Users/Aleja/STM32CubeIDE/Workspace/LoRaWAN_End_Node/LoRaWAN/App/lora_app.c:712:13:OnTxData	24	static
C:/Users/Aleja/STM32CubeIDE/Workspace/LoRaWAN_End_Node/LoRaWAN/App/lora_app.c:741:13:OnJoinRequest	8	static
C:/Users/Aleja/STM32CubeIDE/Workspace/LoRaWAN_End_Node/LoRaWAN/App/lora_app.c:918:13:OnStopJoinTimerEvent	8	static
C:/Users/Aleja/STM32CubeIDE/Workspace/LoRaWAN_End_Node/LoRaWAN/App/lora_app.c:700:13:OnRxTimerLedEvent	8	static
C:/Users/Aleja/STM32CubeIDE/Workspace/LoRaWAN_End_Node/LoRaWAN/App/lora_app.c:695:13:OnTxTimerLedEvent	8	static
C:/Users/Aleja/STM32CubeIDE/Workspace/LoRaWAN_End_Node/LoRaWAN/App/lora_app.c:475:13:OnRxData	40	static
C:/Users/Aleja/STM32CubeIDE/Workspace/LoRaWAN_End_Node/LoRaWAN/App/lora_app.c:974:13:OnStoreContextRequest	16	static
C:/Users/Aleja/STM32CubeIDE/Workspace/LoRaWAN_End_Node/LoRaWAN/App/lora_app.c:993:13:OnRestoreContextRequest	8	static
C:/Users/Aleja/STM32CubeIDE/Workspace/LoRaWAN_End_Node/LoRaWAN/App/lora_app.c:881:13:StopJoin	16	static
C:/Users/Aleja/STM32CubeIDE/Workspace/LoRaWAN_End_Node/LoRaWAN/App/lora_app.c:934:13:StoreContext	8	static
C:/Users/Aleja/STM32CubeIDE/Workspace/LoRaWAN_End_Node/LoRaWAN/App/lora_app.c:574:13:SendTxData	32	static
C:/Users/Aleja/STM32CubeIDE/Workspace/LoRaWAN_End_Node/LoRaWAN/App/lora_app.c:705:13:OnJoinTimerLedEvent	8	static
C:/Users/Aleja/STM32CubeIDE/Workspace/LoRaWAN_End_Node/LoRaWAN/App/lora_app.c:356:6:LoRaWAN_Init	48	static
C:/Users/Aleja/STM32CubeIDE/Workspace/LoRaWAN_End_Node/LoRaWAN/App/lora_app.c:446:6:HAL_GPIO_EXTI_Callback	8	static
