C:/Users/Aleja/STM32CubeIDE/Workspace/LoRaWAN_End_Node/LoRaWAN/App/lora_app.c:849:13:OnTxFrameCtrlChanged	0	static
C:/Users/Aleja/STM32CubeIDE/Workspace/LoRaWAN_End_Node/LoRaWAN/App/lora_app.c:860:13:OnPingSlotPeriodicityChanged	0	static
C:/Users/Aleja/STM32CubeIDE/Workspace/LoRaWAN_End_Node/LoRaWAN/App/lora_app.c:773:13:OnBeaconStatusChange	72	static
C:/Users/Aleja/STM32CubeIDE/Workspace/LoRaWAN_End_Node/LoRaWAN/App/lora_app.c:808:13:OnClassChange	16	static
C:/Users/Aleja/STM32CubeIDE/Workspace/LoRaWAN_End_Node/LoRaWAN/App/lora_app.c:960:13:OnNvmDataChange	8	static
C:/Users/Aleja/STM32CubeIDE/Workspace/LoRaWAN_End_Node/LoRaWAN/App/lora_app.c:684:13:OnTxTimerEvent	8	static
C:/Users/Aleja/STM32CubeIDE/Workspace/LoRaWAN_End_Node/LoRaWAN/App/lora_app.c:815:13:OnMacProcessNotify	8	static
C:/Users/Aleja/STM32CubeIDE/Workspace/LoRaWAN_End_Node/LoRaWAN/App/lora_app.c:871:13:OnSystemReset	8	static,ignoring_inline_asm
C:/Users/Aleja/STM32CubeIDE/Workspace/LoRaWAN_End_Node/LoRaWAN/App/lora_app.c:827:13:OnTxPeriodicityChanged	8	static
C:/Users/Aleja/STM32CubeIDE/Workspace/LoRaWAN_End_Node/LoRaWAN/App/lora_app.c:716:13:OnTxData	24	static
C:/Users/Aleja/STM32CubeIDE/Workspace/LoRaWAN_End_Node/LoRaWAN/App/lora_app.c:745:13:OnJoinRequest	8	static
C:/Users/Aleja/STM32CubeIDE/Workspace/LoRaWAN_End_Node/LoRaWAN/App/lora_app.c:922:13:OnStopJoinTimerEvent	8	static
C:/Users/Aleja/STM32CubeIDE/Workspace/LoRaWAN_End_Node/LoRaWAN/App/lora_app.c:704:13:OnRxTimerLedEvent	8	static
C:/Users/Aleja/STM32CubeIDE/Workspace/LoRaWAN_End_Node/LoRaWAN/App/lora_app.c:699:13:OnTxTimerLedEvent	8	static
C:/Users/Aleja/STM32CubeIDE/Workspace/LoRaWAN_End_Node/LoRaWAN/App/lora_app.c:475:13:OnRxData	40	static
C:/Users/Aleja/STM32CubeIDE/Workspace/LoRaWAN_End_Node/LoRaWAN/App/lora_app.c:978:13:OnStoreContextRequest	16	static
C:/Users/Aleja/STM32CubeIDE/Workspace/LoRaWAN_End_Node/LoRaWAN/App/lora_app.c:997:13:OnRestoreContextRequest	8	static
C:/Users/Aleja/STM32CubeIDE/Workspace/LoRaWAN_End_Node/LoRaWAN/App/lora_app.c:885:13:StopJoin	16	static
C:/Users/Aleja/STM32CubeIDE/Workspace/LoRaWAN_End_Node/LoRaWAN/App/lora_app.c:938:13:StoreContext	8	static
C:/Users/Aleja/STM32CubeIDE/Workspace/LoRaWAN_End_Node/LoRaWAN/App/lora_app.c:578:13:SendTxData	56	static
C:/Users/Aleja/STM32CubeIDE/Workspace/LoRaWAN_End_Node/LoRaWAN/App/lora_app.c:709:13:OnJoinTimerLedEvent	8	static
C:/Users/Aleja/STM32CubeIDE/Workspace/LoRaWAN_End_Node/LoRaWAN/App/lora_app.c:356:6:LoRaWAN_Init	48	static
C:/Users/Aleja/STM32CubeIDE/Workspace/LoRaWAN_End_Node/LoRaWAN/App/lora_app.c:446:6:HAL_GPIO_EXTI_Callback	8	static
