C:/Users/Aleja/STM32CubeIDE/Workspace/LoRaWAN_End_Node/LoRaWAN/App/lora_app.c:773:13:OnTxFrameCtrlChanged	0	static
C:/Users/Aleja/STM32CubeIDE/Workspace/LoRaWAN_End_Node/LoRaWAN/App/lora_app.c:784:13:OnPingSlotPeriodicityChanged	0	static
C:/Users/Aleja/STM32CubeIDE/Workspace/LoRaWAN_End_Node/LoRaWAN/App/lora_app.c:697:13:OnBeaconStatusChange	72	static
C:/Users/Aleja/STM32CubeIDE/Workspace/LoRaWAN_End_Node/LoRaWAN/App/lora_app.c:732:13:OnClassChange	16	static
C:/Users/Aleja/STM32CubeIDE/Workspace/LoRaWAN_End_Node/LoRaWAN/App/lora_app.c:884:13:OnNvmDataChange	8	static
C:/Users/Aleja/STM32CubeIDE/Workspace/LoRaWAN_End_Node/LoRaWAN/App/lora_app.c:608:13:OnTxTimerEvent	8	static
C:/Users/Aleja/STM32CubeIDE/Workspace/LoRaWAN_End_Node/LoRaWAN/App/lora_app.c:739:13:OnMacProcessNotify	8	static
C:/Users/Aleja/STM32CubeIDE/Workspace/LoRaWAN_End_Node/LoRaWAN/App/lora_app.c:795:13:OnSystemReset	8	static,ignoring_inline_asm
C:/Users/Aleja/STM32CubeIDE/Workspace/LoRaWAN_End_Node/LoRaWAN/App/lora_app.c:751:13:OnTxPeriodicityChanged	8	static
C:/Users/Aleja/STM32CubeIDE/Workspace/LoRaWAN_End_Node/LoRaWAN/App/lora_app.c:640:13:OnTxData	24	static
C:/Users/Aleja/STM32CubeIDE/Workspace/LoRaWAN_End_Node/LoRaWAN/App/lora_app.c:669:13:OnJoinRequest	8	static
C:/Users/Aleja/STM32CubeIDE/Workspace/LoRaWAN_End_Node/LoRaWAN/App/lora_app.c:846:13:OnStopJoinTimerEvent	8	static
C:/Users/Aleja/STM32CubeIDE/Workspace/LoRaWAN_End_Node/LoRaWAN/App/lora_app.c:628:13:OnRxTimerLedEvent	8	static
C:/Users/Aleja/STM32CubeIDE/Workspace/LoRaWAN_End_Node/LoRaWAN/App/lora_app.c:623:13:OnTxTimerLedEvent	8	static
C:/Users/Aleja/STM32CubeIDE/Workspace/LoRaWAN_End_Node/LoRaWAN/App/lora_app.c:461:13:OnRxData	40	static
C:/Users/Aleja/STM32CubeIDE/Workspace/LoRaWAN_End_Node/LoRaWAN/App/lora_app.c:902:13:OnStoreContextRequest	16	static
C:/Users/Aleja/STM32CubeIDE/Workspace/LoRaWAN_End_Node/LoRaWAN/App/lora_app.c:921:13:OnRestoreContextRequest	8	static
C:/Users/Aleja/STM32CubeIDE/Workspace/LoRaWAN_End_Node/LoRaWAN/App/lora_app.c:809:13:StopJoin	16	static
C:/Users/Aleja/STM32CubeIDE/Workspace/LoRaWAN_End_Node/LoRaWAN/App/lora_app.c:862:13:StoreContext	8	static
C:/Users/Aleja/STM32CubeIDE/Workspace/LoRaWAN_End_Node/LoRaWAN/App/lora_app.c:540:13:SendTxData	48	static
C:/Users/Aleja/STM32CubeIDE/Workspace/LoRaWAN_End_Node/LoRaWAN/App/lora_app.c:633:13:OnJoinTimerLedEvent	8	static
C:/Users/Aleja/STM32CubeIDE/Workspace/LoRaWAN_End_Node/LoRaWAN/App/lora_app.c:342:6:LoRaWAN_Init	48	static
C:/Users/Aleja/STM32CubeIDE/Workspace/LoRaWAN_End_Node/LoRaWAN/App/lora_app.c:432:6:HAL_GPIO_EXTI_Callback	8	static
