C:/Users/Aleja/STM32CubeIDE/Workspace/LoRaWAN_End_Node/Drivers/STM32WLxx_HAL_Driver/Src/stm32wlxx_hal_dma_ex.c:96:19:HAL_DMAEx_ConfigMuxSync	8	static
C:/Users/Aleja/STM32CubeIDE/Workspace/LoRaWAN_End_Node/Drivers/STM32WLxx_HAL_Driver/Src/stm32wlxx_hal_dma_ex.c:145:19:HAL_DMAEx_ConfigMuxRequestGenerator	4	static
C:/Users/Aleja/STM32CubeIDE/Workspace/LoRaWAN_End_Node/Drivers/STM32WLxx_HAL_Driver/Src/stm32wlxx_hal_dma_ex.c:203:19:HAL_DMAEx_EnableMuxRequestGenerator	0	static
C:/Users/Aleja/STM32CubeIDE/Workspace/LoRaWAN_End_Node/Drivers/STM32WLxx_HAL_Driver/Src/stm32wlxx_hal_dma_ex.c:231:19:HAL_DMAEx_DisableMuxRequestGenerator	0	static
C:/Users/Aleja/STM32CubeIDE/Workspace/LoRaWAN_End_Node/Drivers/STM32WLxx_HAL_Driver/Src/stm32wlxx_hal_dma_ex.c:259:6:HAL_DMAEx_MUX_IRQHandler	8	static
