C:/Users/Aleja/STM32CubeIDE/Workspace/LoRaWAN_End_Node/Middlewares/Third_Party/LoRaWAN/Mac/LoRaMacClassB.c:467:17:BeaconCrc	4	static
C:/Users/Aleja/STM32CubeIDE/Workspace/LoRaWAN_End_Node/Middlewares/Third_Party/LoRaWAN/Mac/LoRaMacClassB.c:489:13:GetTemperature	8	static
C:/Users/Aleja/STM32CubeIDE/Workspace/LoRaWAN_End_Node/Middlewares/Third_Party/LoRaWAN/Mac/LoRaMacClassB.c:550:13:EnlargeWindowTimeout	0	static
C:/Users/Aleja/STM32CubeIDE/Workspace/LoRaWAN_End_Node/Middlewares/Third_Party/LoRaWAN/Mac/LoRaMacClassB.c:571:13:ResetWindowTimeout	0	static
C:/Users/Aleja/STM32CubeIDE/Workspace/LoRaWAN_End_Node/Middlewares/Third_Party/LoRaWAN/Mac/LoRaMacClassB.c:578:20:CalcDelayForNextBeacon	0	static
C:/Users/Aleja/STM32CubeIDE/Workspace/LoRaWAN_End_Node/Middlewares/Third_Party/LoRaWAN/Mac/LoRaMacClassB.c:587:13:IndicateBeaconStatus	0	static
C:/Users/Aleja/STM32CubeIDE/Workspace/LoRaWAN_End_Node/Middlewares/Third_Party/LoRaWAN/Mac/LoRaMacClassB.c:600:20:ApplyGuardTime	0	static
C:/Users/Aleja/STM32CubeIDE/Workspace/LoRaWAN_End_Node/Middlewares/Third_Party/LoRaWAN/Mac/LoRaMacClassB.c:641:16:CalcPingNb	0	static
C:/Users/Aleja/STM32CubeIDE/Workspace/LoRaWAN_End_Node/Middlewares/Third_Party/LoRaWAN/Mac/LoRaMacClassB.c:646:17:CalcPingPeriod	0	static
C:/Users/Aleja/STM32CubeIDE/Workspace/LoRaWAN_End_Node/Middlewares/Third_Party/LoRaWAN/Mac/LoRaMacClassB.c:652:13:CheckSlotPriority	4	static
C:/Users/Aleja/STM32CubeIDE/Workspace/LoRaWAN_End_Node/Middlewares/Third_Party/LoRaWAN/Mac/LoRaMacClassB.c:1050:6:LoRaMacClassBPingSlotTimerEvent	8	static
C:/Users/Aleja/STM32CubeIDE/Workspace/LoRaWAN_End_Node/Middlewares/Third_Party/LoRaWAN/Mac/LoRaMacClassB.c:1231:6:LoRaMacClassBMulticastSlotTimerEvent	8	static
C:/Users/Aleja/STM32CubeIDE/Workspace/LoRaWAN_End_Node/Middlewares/Third_Party/LoRaWAN/Mac/LoRaMacClassB.c:498:13:InitClassB	40	static
C:/Users/Aleja/STM32CubeIDE/Workspace/LoRaWAN_End_Node/Middlewares/Third_Party/LoRaWAN/Mac/LoRaMacClassB.c:531:13:InitClassBDefaults	32	static
C:/Users/Aleja/STM32CubeIDE/Workspace/LoRaWAN_End_Node/Middlewares/Third_Party/LoRaWAN/Mac/LoRaMacClassB.c:238:17:CalcDownlinkFrequency	24	static
C:/Users/Aleja/STM32CubeIDE/Workspace/LoRaWAN_End_Node/Middlewares/Third_Party/LoRaWAN/Mac/LoRaMacClassB.c:270:17:CalcDownlinkChannelAndFrequency	40	static
C:/Users/Aleja/STM32CubeIDE/Workspace/LoRaWAN_End_Node/Middlewares/Third_Party/LoRaWAN/Mac/LoRaMacClassB.c:785:6:LoRaMacClassBBeaconTimerEvent	8	static
C:/Users/Aleja/STM32CubeIDE/Workspace/LoRaWAN_End_Node/Middlewares/Third_Party/LoRaWAN/Mac/LoRaMacClassB.c:320:13:CalculateBeaconRxWindowConfig	40	static
C:/Users/Aleja/STM32CubeIDE/Workspace/LoRaWAN_End_Node/Middlewares/Third_Party/LoRaWAN/Mac/LoRaMacClassB.c:154:20:TimerTempCompensation	16	static
C:/Users/Aleja/STM32CubeIDE/Workspace/LoRaWAN_End_Node/Middlewares/Third_Party/LoRaWAN/Mac/LoRaMacClassB.c:422:13:CalcNextSlotTime	24	static
C:/Users/Aleja/STM32CubeIDE/Workspace/LoRaWAN_End_Node/Middlewares/Third_Party/LoRaWAN/Mac/LoRaMacClassB.c:372:13:RxBeaconSetup	32	static
C:/Users/Aleja/STM32CubeIDE/Workspace/LoRaWAN_End_Node/Middlewares/Third_Party/LoRaWAN/Mac/LoRaMacClassB.c:198:13:ComputePingOffset	48	static
C:/Users/Aleja/STM32CubeIDE/Workspace/LoRaWAN_End_Node/Middlewares/Third_Party/LoRaWAN/Mac/LoRaMacClassB.c:1063:13:LoRaMacClassBProcessPingSlot	32	static
C:/Users/Aleja/STM32CubeIDE/Workspace/LoRaWAN_End_Node/Middlewares/Third_Party/LoRaWAN/Mac/LoRaMacClassB.c:1244:13:LoRaMacClassBProcessMulticastSlot	32	static
C:/Users/Aleja/STM32CubeIDE/Workspace/LoRaWAN_End_Node/Middlewares/Third_Party/LoRaWAN/Mac/LoRaMacClassB.c:697:6:LoRaMacClassBInit	24	static
C:/Users/Aleja/STM32CubeIDE/Workspace/LoRaWAN_End_Node/Middlewares/Third_Party/LoRaWAN/Mac/LoRaMacClassB.c:750:6:LoRaMacClassBSetPingSlotState	0	static
C:/Users/Aleja/STM32CubeIDE/Workspace/LoRaWAN_End_Node/Middlewares/Third_Party/LoRaWAN/Mac/LoRaMacClassB.c:757:6:LoRaMacClassBSetMulticastSlotState	0	static
C:/Users/Aleja/STM32CubeIDE/Workspace/LoRaWAN_End_Node/Middlewares/Third_Party/LoRaWAN/Mac/LoRaMacClassB.c:1450:6:LoRaMacClassBRxBeacon	80	static
C:/Users/Aleja/STM32CubeIDE/Workspace/LoRaWAN_End_Node/Middlewares/Third_Party/LoRaWAN/Mac/LoRaMacClassB.c:1612:6:LoRaMacClassBIsBeaconExpected	0	static
C:/Users/Aleja/STM32CubeIDE/Workspace/LoRaWAN_End_Node/Middlewares/Third_Party/LoRaWAN/Mac/LoRaMacClassB.c:1626:6:LoRaMacClassBIsPingExpected	0	static
C:/Users/Aleja/STM32CubeIDE/Workspace/LoRaWAN_End_Node/Middlewares/Third_Party/LoRaWAN/Mac/LoRaMacClassB.c:1639:6:LoRaMacClassBIsMulticastExpected	0	static
C:/Users/Aleja/STM32CubeIDE/Workspace/LoRaWAN_End_Node/Middlewares/Third_Party/LoRaWAN/Mac/LoRaMacClassB.c:1652:6:LoRaMacClassBIsAcquisitionPending	0	static
C:/Users/Aleja/STM32CubeIDE/Workspace/LoRaWAN_End_Node/Middlewares/Third_Party/LoRaWAN/Mac/LoRaMacClassB.c:722:6:LoRaMacClassBSetBeaconState	8	static
C:/Users/Aleja/STM32CubeIDE/Workspace/LoRaWAN_End_Node/Middlewares/Third_Party/LoRaWAN/Mac/LoRaMacClassB.c:764:6:LoRaMacClassBIsAcquisitionInProgress	8	static
C:/Users/Aleja/STM32CubeIDE/Workspace/LoRaWAN_End_Node/Middlewares/Third_Party/LoRaWAN/Mac/LoRaMacClassB.c:1665:6:LoRaMacClassBIsBeaconModeActive	0	static
C:/Users/Aleja/STM32CubeIDE/Workspace/LoRaWAN_End_Node/Middlewares/Third_Party/LoRaWAN/Mac/LoRaMacClassB.c:1679:6:LoRaMacClassBSetPingSlotInfo	8	static
C:/Users/Aleja/STM32CubeIDE/Workspace/LoRaWAN_End_Node/Middlewares/Third_Party/LoRaWAN/Mac/LoRaMacClassB.c:1715:6:LoRaMacClassBResumeBeaconing	8	static
C:/Users/Aleja/STM32CubeIDE/Workspace/LoRaWAN_End_Node/Middlewares/Third_Party/LoRaWAN/Mac/LoRaMacClassB.c:1761:17:LoRaMacClassBMibGetRequestConfirm	0	static
C:/Users/Aleja/STM32CubeIDE/Workspace/LoRaWAN_End_Node/Middlewares/Third_Party/LoRaWAN/Mac/LoRaMacClassB.c:1790:17:LoRaMacMibClassBSetRequestConfirm	0	static
C:/Users/Aleja/STM32CubeIDE/Workspace/LoRaWAN_End_Node/Middlewares/Third_Party/LoRaWAN/Mac/LoRaMacClassB.c:1814:6:LoRaMacClassBPingSlotInfoAns	8	static
C:/Users/Aleja/STM32CubeIDE/Workspace/LoRaWAN_End_Node/Middlewares/Third_Party/LoRaWAN/Mac/LoRaMacClassB.c:1825:9:LoRaMacClassBPingSlotChannelReq	32	static
C:/Users/Aleja/STM32CubeIDE/Workspace/LoRaWAN_End_Node/Middlewares/Third_Party/LoRaWAN/Mac/LoRaMacClassB.c:1871:6:LoRaMacClassBBeaconTimingAns	24	static
C:/Users/Aleja/STM32CubeIDE/Workspace/LoRaWAN_End_Node/Middlewares/Third_Party/LoRaWAN/Mac/LoRaMacClassB.c:1900:6:LoRaMacClassBDeviceTimeAns	56	static
C:/Users/Aleja/STM32CubeIDE/Workspace/LoRaWAN_End_Node/Middlewares/Third_Party/LoRaWAN/Mac/LoRaMacClassB.c:1936:6:LoRaMacClassBBeaconFreqReq	16	static
C:/Users/Aleja/STM32CubeIDE/Workspace/LoRaWAN_End_Node/Middlewares/Third_Party/LoRaWAN/Mac/LoRaMacClassB.c:1963:13:LoRaMacClassBIsUplinkCollision	16	static
C:/Users/Aleja/STM32CubeIDE/Workspace/LoRaWAN_End_Node/Middlewares/Third_Party/LoRaWAN/Mac/LoRaMacClassB.c:1987:6:LoRaMacClassBStopRxSlots	8	static,ignoring_inline_asm
C:/Users/Aleja/STM32CubeIDE/Workspace/LoRaWAN_End_Node/Middlewares/Third_Party/LoRaWAN/Mac/LoRaMacClassB.c:1687:6:LoRaMacClassBHaltBeaconing	8	static,ignoring_inline_asm
C:/Users/Aleja/STM32CubeIDE/Workspace/LoRaWAN_End_Node/Middlewares/Third_Party/LoRaWAN/Mac/LoRaMacClassB.c:1736:17:LoRaMacClassBSwitchClass	8	static
C:/Users/Aleja/STM32CubeIDE/Workspace/LoRaWAN_End_Node/Middlewares/Third_Party/LoRaWAN/Mac/LoRaMacClassB.c:2000:6:LoRaMacClassBStartRxSlots	16	static
C:/Users/Aleja/STM32CubeIDE/Workspace/LoRaWAN_End_Node/Middlewares/Third_Party/LoRaWAN/Mac/LoRaMacClassB.c:611:20:UpdateBeaconState	40	static
C:/Users/Aleja/STM32CubeIDE/Workspace/LoRaWAN_End_Node/Middlewares/Third_Party/LoRaWAN/Mac/LoRaMacClassB.c:800:13:LoRaMacClassBProcessBeacon	48	static
C:/Users/Aleja/STM32CubeIDE/Workspace/LoRaWAN_End_Node/Middlewares/Third_Party/LoRaWAN/Mac/LoRaMacClassB.c:2016:6:LoRaMacClassBSetMulticastPeriodicity	8	static
C:/Users/Aleja/STM32CubeIDE/Workspace/LoRaWAN_End_Node/Middlewares/Third_Party/LoRaWAN/Mac/LoRaMacClassB.c:2028:6:LoRaMacClassBSetFPendingBit	0	static
C:/Users/Aleja/STM32CubeIDE/Workspace/LoRaWAN_End_Node/Middlewares/Third_Party/LoRaWAN/Mac/LoRaMacClassB.c:2057:6:LoRaMacClassBProcess	8	static,ignoring_inline_asm
