C:/Users/Aleja/STM32CubeIDE/Workspace/LoRaWAN_End_Node/Core/Src/sys_app.c:311:13:tiny_snprintf_like	16	static
C:/Users/Aleja/STM32CubeIDE/Workspace/LoRaWAN_End_Node/Core/Src/sys_app.c:275:13:TimestampNow	32	static
C:/Users/Aleja/STM32CubeIDE/Workspace/LoRaWAN_End_Node/Core/Src/sys_app.c:90:6:SystemApp_Init	8	static
C:/Users/Aleja/STM32CubeIDE/Workspace/LoRaWAN_End_Node/Core/Src/sys_app.c:141:6:UTIL_SEQ_Idle	8	static
C:/Users/Aleja/STM32CubeIDE/Workspace/LoRaWAN_End_Node/Core/Src/sys_app.c:152:9:GetBatteryLevel	0	static
C:/Users/Aleja/STM32CubeIDE/Workspace/LoRaWAN_End_Node/Core/Src/sys_app.c:182:9:GetTemperatureLevel	32	static
C:/Users/Aleja/STM32CubeIDE/Workspace/LoRaWAN_End_Node/Core/Src/sys_app.c:196:6:GetUniqueId	16	static
C:/Users/Aleja/STM32CubeIDE/Workspace/LoRaWAN_End_Node/Core/Src/sys_app.c:236:10:GetDevAddr	8	static
C:/Users/Aleja/STM32CubeIDE/Workspace/LoRaWAN_End_Node/Core/Src/sys_app.c:259:6:GetTemperatureAndhumidityLevel	40	static
C:/Users/Aleja/STM32CubeIDE/Workspace/LoRaWAN_End_Node/Core/Src/sys_app.c:289:6:UTIL_ADV_TRACE_PreSendHook	8	static
C:/Users/Aleja/STM32CubeIDE/Workspace/LoRaWAN_End_Node/Core/Src/sys_app.c:300:6:UTIL_ADV_TRACE_PostSendHook	8	static
C:/Users/Aleja/STM32CubeIDE/Workspace/LoRaWAN_End_Node/Core/Src/sys_app.c:334:19:HAL_InitTick	0	static
C:/Users/Aleja/STM32CubeIDE/Workspace/LoRaWAN_End_Node/Core/Src/sys_app.c:349:10:HAL_GetTick	8	static
C:/Users/Aleja/STM32CubeIDE/Workspace/LoRaWAN_End_Node/Core/Src/sys_app.c:381:6:HAL_Delay	16	static
