C:/Users/Aleja/STM32CubeIDE/Workspace/LoRaWAN_End_Node/Core/Src/sys_app.c:313:13:tiny_snprintf_like	16	static
C:/Users/Aleja/STM32CubeIDE/Workspace/LoRaWAN_End_Node/Core/Src/sys_app.c:277:13:TimestampNow	32	static
C:/Users/Aleja/STM32CubeIDE/Workspace/LoRaWAN_End_Node/Core/Src/sys_app.c:90:6:SystemApp_Init	8	static
C:/Users/Aleja/STM32CubeIDE/Workspace/LoRaWAN_End_Node/Core/Src/sys_app.c:141:6:UTIL_SEQ_Idle	8	static
C:/Users/Aleja/STM32CubeIDE/Workspace/LoRaWAN_End_Node/Core/Src/sys_app.c:152:9:GetBatteryLevel	8	static
C:/Users/Aleja/STM32CubeIDE/Workspace/LoRaWAN_End_Node/Core/Src/sys_app.c:184:9:GetTemperatureLevel	32	static
C:/Users/Aleja/STM32CubeIDE/Workspace/LoRaWAN_End_Node/Core/Src/sys_app.c:198:6:GetUniqueId	16	static
C:/Users/Aleja/STM32CubeIDE/Workspace/LoRaWAN_End_Node/Core/Src/sys_app.c:238:10:GetDevAddr	8	static
C:/Users/Aleja/STM32CubeIDE/Workspace/LoRaWAN_End_Node/Core/Src/sys_app.c:261:6:GetTemperatureAndhumidityLevel	40	static
C:/Users/Aleja/STM32CubeIDE/Workspace/LoRaWAN_End_Node/Core/Src/sys_app.c:291:6:UTIL_ADV_TRACE_PreSendHook	8	static
C:/Users/Aleja/STM32CubeIDE/Workspace/LoRaWAN_End_Node/Core/Src/sys_app.c:302:6:UTIL_ADV_TRACE_PostSendHook	8	static
C:/Users/Aleja/STM32CubeIDE/Workspace/LoRaWAN_End_Node/Core/Src/sys_app.c:336:19:HAL_InitTick	0	static
C:/Users/Aleja/STM32CubeIDE/Workspace/LoRaWAN_End_Node/Core/Src/sys_app.c:351:10:HAL_GetTick	8	static
C:/Users/Aleja/STM32CubeIDE/Workspace/LoRaWAN_End_Node/Core/Src/sys_app.c:383:6:HAL_Delay	16	static
